Archive member included because of file (symbol)

/Users/rhys/Library/Application Support/Pebble SDK/SDKs/current/sdk-core/pebble/aplite/lib/libpebble.a(tmp7jpKUopebble.o)
                              src/c/geocaching.c.25.o (app_event_loop)

Allocating common symbols
Common symbol       size              file

text_distance_layer
                    0x4               src/c/geocaching.c.25.o
arrow_bounds        0x8               src/c/geocaching.c.25.o
arrow               0x4               src/c/geocaching.c.25.o
disp_buf            0x20              src/c/geocaching.c.25.o
arrow_layer         0x4               src/c/geocaching.c.25.o
north               0x4               src/c/geocaching.c.25.o
text_time_layer     0x4               src/c/geocaching.c.25.o
window              0x4               src/c/geocaching.c.25.o
arrow_centre        0x4               src/c/geocaching.c.25.o
status              0x1               src/c/geocaching.c.25.o
line_layer          0x4               src/c/geocaching.c.25.o

Discarded input sections

 .text          0x0000000000000000        0x0 /Users/rhys/pebble-dev/pebble-sdk-4.5-mac/arm-cs-tools/bin/../lib/gcc/arm-none-eabi/4.7.2/thumb2/crti.o
 .bss           0x0000000000000000        0x0 /Users/rhys/pebble-dev/pebble-sdk-4.5-mac/arm-cs-tools/bin/../lib/gcc/arm-none-eabi/4.7.2/thumb2/crti.o
 .init          0x0000000000000000        0x4 /Users/rhys/pebble-dev/pebble-sdk-4.5-mac/arm-cs-tools/bin/../lib/gcc/arm-none-eabi/4.7.2/thumb2/crti.o
 .fini          0x0000000000000000        0x4 /Users/rhys/pebble-dev/pebble-sdk-4.5-mac/arm-cs-tools/bin/../lib/gcc/arm-none-eabi/4.7.2/thumb2/crti.o
 .text          0x0000000000000000       0xc8 /Users/rhys/pebble-dev/pebble-sdk-4.5-mac/arm-cs-tools/bin/../lib/gcc/arm-none-eabi/4.7.2/thumb2/crtbegin.o
 .bss           0x0000000000000000       0x1c /Users/rhys/pebble-dev/pebble-sdk-4.5-mac/arm-cs-tools/bin/../lib/gcc/arm-none-eabi/4.7.2/thumb2/crtbegin.o
 .init_array    0x0000000000000000        0x4 /Users/rhys/pebble-dev/pebble-sdk-4.5-mac/arm-cs-tools/bin/../lib/gcc/arm-none-eabi/4.7.2/thumb2/crtbegin.o
 .fini_array    0x0000000000000000        0x4 /Users/rhys/pebble-dev/pebble-sdk-4.5-mac/arm-cs-tools/bin/../lib/gcc/arm-none-eabi/4.7.2/thumb2/crtbegin.o
 .eh_frame      0x0000000000000000        0x0 /Users/rhys/pebble-dev/pebble-sdk-4.5-mac/arm-cs-tools/bin/../lib/gcc/arm-none-eabi/4.7.2/thumb2/crtbegin.o
 .jcr           0x0000000000000000        0x0 /Users/rhys/pebble-dev/pebble-sdk-4.5-mac/arm-cs-tools/bin/../lib/gcc/arm-none-eabi/4.7.2/thumb2/crtbegin.o
 .tm_clone_table
                0x0000000000000000        0x0 /Users/rhys/pebble-dev/pebble-sdk-4.5-mac/arm-cs-tools/bin/../lib/gcc/arm-none-eabi/4.7.2/thumb2/crtbegin.o
 .text          0x0000000000000000        0x0 src/c/geocaching.c.25.o
 .bss           0x0000000000000000        0x0 src/c/geocaching.c.25.o
 .text          0x0000000000000000        0x0 aplite/appinfo.auto.c.25.o
 .bss           0x0000000000000000        0x0 aplite/appinfo.auto.c.25.o
 .text          0x0000000000000000        0x0 aplite/src/resource_ids.auto.c.25.o
 .bss           0x0000000000000000        0x0 aplite/src/resource_ids.auto.c.25.o
 .data.RESOURCE_ID_FONT_ROBOTO_BOLD_SUBSET_22
                0x0000000000000000        0x4 aplite/src/resource_ids.auto.c.25.o
 .data.RESOURCE_ID_IMAGE_MENU_ICON
                0x0000000000000000        0x4 aplite/src/resource_ids.auto.c.25.o
 .data.RESOURCE_ID_NO_BT
                0x0000000000000000        0x4 aplite/src/resource_ids.auto.c.25.o
 .data.RESOURCE_ID_FONT_ROBOTO_CONDENSED_30
                0x0000000000000000        0x4 aplite/src/resource_ids.auto.c.25.o
 .data.RESOURCE_ID_FONT_ROBOTO_CONDENSED_36
                0x0000000000000000        0x4 aplite/src/resource_ids.auto.c.25.o
 .text          0x0000000000000000        0x0 src/message_keys.auto.c.25.o
 .bss           0x0000000000000000        0x0 src/message_keys.auto.c.25.o
 .data.MESSAGE_KEY_dummy
                0x0000000000000000        0x4 src/message_keys.auto.c.25.o
 .bss           0x0000000000000000        0x0 /Users/rhys/Library/Application Support/Pebble SDK/SDKs/current/sdk-core/pebble/aplite/lib/libpebble.a(tmp7jpKUopebble.o)
 .text.accel_data_service_subscribe__deprecated
                0x0000000000000000        0xc /Users/rhys/Library/Application Support/Pebble SDK/SDKs/current/sdk-core/pebble/aplite/lib/libpebble.a(tmp7jpKUopebble.o)
 .text.accel_data_service_unsubscribe
                0x0000000000000000        0xc /Users/rhys/Library/Application Support/Pebble SDK/SDKs/current/sdk-core/pebble/aplite/lib/libpebble.a(tmp7jpKUopebble.o)
 .text.accel_service_peek
                0x0000000000000000        0xc /Users/rhys/Library/Application Support/Pebble SDK/SDKs/current/sdk-core/pebble/aplite/lib/libpebble.a(tmp7jpKUopebble.o)
 .text.accel_service_set_samples_per_update
[...]
Memory Configuration

Name             Origin             Length             Attributes
APP              0x0000000000000000 0x0000000000006000 xrw
*default*        0x0000000000000000 0xffffffffffffffff

Linker script and memory map

LOAD /Users/rhys/pebble-dev/pebble-sdk-4.5-mac/arm-cs-tools/bin/../lib/gcc/arm-none-eabi/4.7.2/thumb2/crti.o
LOAD /Users/rhys/pebble-dev/pebble-sdk-4.5-mac/arm-cs-tools/bin/../lib/gcc/arm-none-eabi/4.7.2/thumb2/crtbegin.o
LOAD src/c/geocaching.c.25.o
LOAD aplite/appinfo.auto.c.25.o
LOAD aplite/src/resource_ids.auto.c.25.o
LOAD src/message_keys.auto.c.25.o
LOAD /Users/rhys/Library/Application Support/Pebble SDK/SDKs/current/sdk-core/pebble/aplite/lib/libpebble.a
START GROUP
LOAD /Users/rhys/pebble-dev/pebble-sdk-4.5-mac/arm-cs-tools/bin/../lib/gcc/arm-none-eabi/4.7.2/thumb2/libgcc.a
LOAD /Users/rhys/pebble-dev/pebble-sdk-4.5-mac/arm-cs-tools/bin/../lib/gcc/arm-none-eabi/4.7.2/../../../../arm-none-eabi/lib/thumb2/libc.a
END GROUP
LOAD /Users/rhys/pebble-dev/pebble-sdk-4.5-mac/arm-cs-tools/bin/../lib/gcc/arm-none-eabi/4.7.2/thumb2/crtend.o
LOAD /Users/rhys/pebble-dev/pebble-sdk-4.5-mac/arm-cs-tools/bin/../lib/gcc/arm-none-eabi/4.7.2/thumb2/crtn.o

.header         0x0000000000000000       0x82
 *(.pbl_header)
 .pbl_header    0x0000000000000000       0x82 aplite/appinfo.auto.c.25.o
                0x0000000000000000                __pbl_app_info

.note.gnu.build-id
                0x0000000000000082       0x26
                0x0000000000000082                PROVIDE (BUILD_ID, .)
 *(.note.gnu.build-id)
 *fill*         0x0000000000000082        0x2 
 .note.gnu.build-id
                0x0000000000000084       0x24 linker stubs

.text           0x00000000000000a8      0xd3f
 *(.text)
 .text          0x00000000000000a8       0x14 /Users/rhys/Library/Application Support/Pebble SDK/SDKs/current/sdk-core/pebble/aplite/lib/libpebble.a(tmp7jpKUopebble.o)
 *(.text.*)
 .text.select_click_handler
                0x00000000000000bc       0x38 src/c/geocaching.c.25.o
                0x00000000000000bc                select_click_handler
 .text.down_click_handler
                0x00000000000000f4       0x38 src/c/geocaching.c.25.o
                0x00000000000000f4                down_click_handler
 .text.handle_compass
                0x000000000000012c       0x84 src/c/geocaching.c.25.o
                0x000000000000012c                handle_compass
 .text.config_buttons_provider
                0x00000000000001b0       0x4c src/c/geocaching.c.25.o
                0x00000000000001b0                config_buttons_provider
 .text.bluetooth_connection_changed
                0x00000000000001fc       0x74 src/c/geocaching.c.25.o
                0x00000000000001fc                bluetooth_connection_changed
 .text.arrow_layer_update_callback
                0x0000000000000270       0xec src/c/geocaching.c.25.o
                0x0000000000000270                arrow_layer_update_callback
 .text.line_layer_update_callback
                0x000000000000035c       0x2a src/c/geocaching.c.25.o
                0x000000000000035c                line_layer_update_callback
 *fill*         0x0000000000000386        0x2 
 .text.handle_minute_tick
                0x0000000000000388       0x64 src/c/geocaching.c.25.o
                0x0000000000000388                handle_minute_tick
 .text.strtok   0x00000000000003ec       0x68 src/c/geocaching.c.25.o
                0x00000000000003ec                strtok
 .text.sync_tuple_changed_callback
                0x0000000000000454      0x158 src/c/geocaching.c.25.o
 .text.have_additional_data
                0x00000000000005ac       0x20 src/c/geocaching.c.25.o
                0x00000000000005ac                have_additional_data
 .text.up_click_handler
                0x00000000000005cc      0x134 src/c/geocaching.c.25.o
                0x00000000000005cc                up_click_handler
 .text.handle_init
                0x0000000000000700      0x330 src/c/geocaching.c.25.o
                0x0000000000000700                handle_init
 .text.handle_deinit
                0x0000000000000a30       0x70 src/c/geocaching.c.25.o
                0x0000000000000a30                handle_deinit
 .text.startup.main
                0x0000000000000aa0       0x12 src/c/geocaching.c.25.o
                0x0000000000000aa0                main
 *fill*         0x0000000000000ab2        0x2 
 .text.app_event_loop
                0x0000000000000ab4        0xc /Users/rhys/Library/Application Support/Pebble SDK/SDKs/current/sdk-core/pebble/aplite/lib/libpebble.a(tmp7jpKUopebble.o)
                0x0000000000000ab4                app_event_loop
 .text.app_log  0x0000000000000ac0        0xc /Users/rhys/Library/Application Support/Pebble SDK/SDKs/current/sdk-core/pebble/aplite/lib/libpebble.a(tmp7jpKUopebble.o)
                0x0000000000000ac0                app_log
 .text.app_message_open
                0x0000000000000acc        0xc /Users/rhys/Library/Application Support/Pebble SDK/SDKs/current/sdk-core/pebble/aplite/lib/libpebble.a(tmp7jpKUopebble.o)
                0x0000000000000acc                app_message_open
 .text.app_sync_get
                0x0000000000000ad8        0xc /Users/rhys/Library/Application Support/Pebble SDK/SDKs/current/sdk-core/pebble/aplite/lib/libpebble.a(tmp7jpKUopebble.o)
                0x0000000000000ad8                app_sync_get
 .text.app_sync_init
                0x0000000000000ae4        0xc /Users/rhys/Library/Application Support/Pebble SDK/SDKs/current/sdk-core/pebble/aplite/lib/libpebble.a(tmp7jpKUopebble.o)
                0x0000000000000ae4                app_sync_init
 .text.bluetooth_connection_service_subscribe
                0x0000000000000af0        0xc /Users/rhys/Library/Application Support/Pebble SDK/SDKs/current/sdk-core/pebble/aplite/lib/libpebble.a(tmp7jpKUopebble.o)
                0x0000000000000af0                bluetooth_connection_service_subscribe
 .text.bluetooth_connection_service_unsubscribe
                0x0000000000000afc        0xc /Users/rhys/Library/Application Support/Pebble SDK/SDKs/current/sdk-core/pebble/aplite/lib/libpebble.a(tmp7jpKUopebble.o)
                0x0000000000000afc                bluetooth_connection_service_unsubscribe
 .text.clock_is_24h_style
                0x0000000000000b08        0xc /Users/rhys/Library/Application Support/Pebble SDK/SDKs/current/sdk-core/pebble/aplite/lib/libpebble.a(tmp7jpKUopebble.o)
                0x0000000000000b08                clock_is_24h_style
 .text.fonts_load_custom_font
                0x0000000000000b14        0xc /Users/rhys/Library/Application Support/Pebble SDK/SDKs/current/sdk-core/pebble/aplite/lib/libpebble.a(tmp7jpKUopebble.o)
                0x0000000000000b14                fonts_load_custom_font
 .text.gpath_create
                0x0000000000000b20        0xc /Users/rhys/Library/Application Support/Pebble SDK/SDKs/current/sdk-core/pebble/aplite/lib/libpebble.a(tmp7jpKUopebble.o)
                0x0000000000000b20                gpath_create
 .text.gpath_destroy
                0x0000000000000b2c        0xc /Users/rhys/Library/Application Support/Pebble SDK/SDKs/current/sdk-core/pebble/aplite/lib/libpebble.a(tmp7jpKUopebble.o)
                0x0000000000000b2c                gpath_destroy
 .text.gpath_draw_outline
                0x0000000000000b38        0xc /Users/rhys/Library/Application Support/Pebble SDK/SDKs/current/sdk-core/pebble/aplite/lib/libpebble.a(tmp7jpKUopebble.o)
                0x0000000000000b38                gpath_draw_outline
 .text.gpath_move_to
                0x0000000000000b44        0xc /Users/rhys/Library/Application Support/Pebble SDK/SDKs/current/sdk-core/pebble/aplite/lib/libpebble.a(tmp7jpKUopebble.o)
                0x0000000000000b44                gpath_move_to
 .text.gpath_rotate_to
                0x0000000000000b50        0xc /Users/rhys/Library/Application Support/Pebble SDK/SDKs/current/sdk-core/pebble/aplite/lib/libpebble.a(tmp7jpKUopebble.o)
                0x0000000000000b50                gpath_rotate_to
 .text.graphics_fill_rect
                0x0000000000000b5c        0xc /Users/rhys/Library/Application Support/Pebble SDK/SDKs/current/sdk-core/pebble/aplite/lib/libpebble.a(tmp7jpKUopebble.o)
                0x0000000000000b5c                graphics_fill_rect
 .text.layer_add_child
                0x0000000000000b68        0xc /Users/rhys/Library/Application Support/Pebble SDK/SDKs/current/sdk-core/pebble/aplite/lib/libpebble.a(tmp7jpKUopebble.o)
                0x0000000000000b68                layer_add_child
 .text.layer_create
                0x0000000000000b74        0xc /Users/rhys/Library/Application Support/Pebble SDK/SDKs/current/sdk-core/pebble/aplite/lib/libpebble.a(tmp7jpKUopebble.o)
                0x0000000000000b74                layer_create
 .text.layer_destroy
                0x0000000000000b80        0xc /Users/rhys/Library/Application Support/Pebble SDK/SDKs/current/sdk-core/pebble/aplite/lib/libpebble.a(tmp7jpKUopebble.o)
                0x0000000000000b80                layer_destroy
 .text.layer_get_bounds
                0x0000000000000b8c        0xc /Users/rhys/Library/Application Support/Pebble SDK/SDKs/current/sdk-core/pebble/aplite/lib/libpebble.a(tmp7jpKUopebble.o)
                0x0000000000000b8c                layer_get_bounds
 .text.layer_get_frame
                0x0000000000000b98        0xc /Users/rhys/Library/Application Support/Pebble SDK/SDKs/current/sdk-core/pebble/aplite/lib/libpebble.a(tmp7jpKUopebble.o)
                0x0000000000000b98                layer_get_frame
 .text.layer_mark_dirty
                0x0000000000000ba4        0xc /Users/rhys/Library/Application Support/Pebble SDK/SDKs/current/sdk-core/pebble/aplite/lib/libpebble.a(tmp7jpKUopebble.o)
                0x0000000000000ba4                layer_mark_dirty
 .text.layer_set_update_proc
                0x0000000000000bb0        0xc /Users/rhys/Library/Application Support/Pebble SDK/SDKs/current/sdk-core/pebble/aplite/lib/libpebble.a(tmp7jpKUopebble.o)
                0x0000000000000bb0                layer_set_update_proc
 .text.resource_get_handle
                0x0000000000000bbc        0xc /Users/rhys/Library/Application Support/Pebble SDK/SDKs/current/sdk-core/pebble/aplite/lib/libpebble.a(tmp7jpKUopebble.o)
                0x0000000000000bbc                resource_get_handle
 .text.snprintf
                0x0000000000000bc8        0xc /Users/rhys/Library/Application Support/Pebble SDK/SDKs/current/sdk-core/pebble/aplite/lib/libpebble.a(tmp7jpKUopebble.o)
                0x0000000000000bc8                snprintf
 .text.strftime
                0x0000000000000bd4        0xc /Users/rhys/Library/Application Support/Pebble SDK/SDKs/current/sdk-core/pebble/aplite/lib/libpebble.a(tmp7jpKUopebble.o)
                0x0000000000000bd4                strftime
 .text.strncmp  0x0000000000000be0        0xc /Users/rhys/Library/Application Support/Pebble SDK/SDKs/current/sdk-core/pebble/aplite/lib/libpebble.a(tmp7jpKUopebble.o)
                0x0000000000000be0                strncmp
 .text.strncpy  0x0000000000000bec        0xc /Users/rhys/Library/Application Support/Pebble SDK/SDKs/current/sdk-core/pebble/aplite/lib/libpebble.a(tmp7jpKUopebble.o)
                0x0000000000000bec                strncpy
 .text.tick_timer_service_subscribe
                0x0000000000000bf8        0xc /Users/rhys/Library/Application Support/Pebble SDK/SDKs/current/sdk-core/pebble/aplite/lib/libpebble.a(tmp7jpKUopebble.o)
                0x0000000000000bf8                tick_timer_service_subscribe
 .text.tick_timer_service_unsubscribe
                0x0000000000000c04        0xc /Users/rhys/Library/Application Support/Pebble SDK/SDKs/current/sdk-core/pebble/aplite/lib/libpebble.a(tmp7jpKUopebble.o)
                0x0000000000000c04                tick_timer_service_unsubscribe
 .text.window_create
                0x0000000000000c10        0xc /Users/rhys/Library/Application Support/Pebble SDK/SDKs/current/sdk-core/pebble/aplite/lib/libpebble.a(tmp7jpKUopebble.o)
                0x0000000000000c10                window_create
 .text.window_destroy
                0x0000000000000c1c        0xc /Users/rhys/Library/Application Support/Pebble SDK/SDKs/current/sdk-core/pebble/aplite/lib/libpebble.a(tmp7jpKUopebble.o)
                0x0000000000000c1c                window_destroy
 .text.window_get_root_layer
                0x0000000000000c28        0xc /Users/rhys/Library/Application Support/Pebble SDK/SDKs/current/sdk-core/pebble/aplite/lib/libpebble.a(tmp7jpKUopebble.o)
                0x0000000000000c28                window_get_root_layer
 .text.window_set_click_config_provider
                0x0000000000000c34        0xc /Users/rhys/Library/Application Support/Pebble SDK/SDKs/current/sdk-core/pebble/aplite/lib/libpebble.a(tmp7jpKUopebble.o)
                0x0000000000000c34                window_set_click_config_provider
 .text.window_stack_push
                0x0000000000000c40        0xc /Users/rhys/Library/Application Support/Pebble SDK/SDKs/current/sdk-core/pebble/aplite/lib/libpebble.a(tmp7jpKUopebble.o)
                0x0000000000000c40                window_stack_push
 .text.window_single_click_subscribe
                0x0000000000000c4c        0xc /Users/rhys/Library/Application Support/Pebble SDK/SDKs/current/sdk-core/pebble/aplite/lib/libpebble.a(tmp7jpKUopebble.o)
                0x0000000000000c4c                window_single_click_subscribe
 .text.compass_service_set_heading_filter
                0x0000000000000c58        0xc /Users/rhys/Library/Application Support/Pebble SDK/SDKs/current/sdk-core/pebble/aplite/lib/libpebble.a(tmp7jpKUopebble.o)
                0x0000000000000c58                compass_service_set_heading_filter
 .text.compass_service_subscribe
                0x0000000000000c64        0xc /Users/rhys/Library/Application Support/Pebble SDK/SDKs/current/sdk-core/pebble/aplite/lib/libpebble.a(tmp7jpKUopebble.o)
                0x0000000000000c64                compass_service_subscribe
 .text.compass_service_unsubscribe
                0x0000000000000c70        0xc /Users/rhys/Library/Application Support/Pebble SDK/SDKs/current/sdk-core/pebble/aplite/lib/libpebble.a(tmp7jpKUopebble.o)
                0x0000000000000c70                compass_service_unsubscribe
 .text.gpath_draw_filled
                0x0000000000000c7c        0xc /Users/rhys/Library/Application Support/Pebble SDK/SDKs/current/sdk-core/pebble/aplite/lib/libpebble.a(tmp7jpKUopebble.o)
                0x0000000000000c7c                gpath_draw_filled
 .text.graphics_context_set_fill_color
                0x0000000000000c88        0xc /Users/rhys/Library/Application Support/Pebble SDK/SDKs/current/sdk-core/pebble/aplite/lib/libpebble.a(tmp7jpKUopebble.o)
                0x0000000000000c88                graphics_context_set_fill_color
 .text.graphics_context_set_stroke_color
                0x0000000000000c94        0xc /Users/rhys/Library/Application Support/Pebble SDK/SDKs/current/sdk-core/pebble/aplite/lib/libpebble.a(tmp7jpKUopebble.o)
                0x0000000000000c94                graphics_context_set_stroke_color
 .text.window_set_background_color
                0x0000000000000ca0        0xc /Users/rhys/Library/Application Support/Pebble SDK/SDKs/current/sdk-core/pebble/aplite/lib/libpebble.a(tmp7jpKUopebble.o)
                0x0000000000000ca0                window_set_background_color
 .text.text_layer_create
                0x0000000000000cac        0xc /Users/rhys/Library/Application Support/Pebble SDK/SDKs/current/sdk-core/pebble/aplite/lib/libpebble.a(tmp7jpKUopebble.o)
                0x0000000000000cac                text_layer_create
 .text.text_layer_destroy
                0x0000000000000cb8        0xc /Users/rhys/Library/Application Support/Pebble SDK/SDKs/current/sdk-core/pebble/aplite/lib/libpebble.a(tmp7jpKUopebble.o)
                0x0000000000000cb8                text_layer_destroy
 .text.text_layer_get_layer
                0x0000000000000cc4        0xc /Users/rhys/Library/Application Support/Pebble SDK/SDKs/current/sdk-core/pebble/aplite/lib/libpebble.a(tmp7jpKUopebble.o)
                0x0000000000000cc4                text_layer_get_layer
 .text.text_layer_get_text
                0x0000000000000cd0        0xc /Users/rhys/Library/Application Support/Pebble SDK/SDKs/current/sdk-core/pebble/aplite/lib/libpebble.a(tmp7jpKUopebble.o)
                0x0000000000000cd0                text_layer_get_text
 .text.text_layer_set_background_color
                0x0000000000000cdc        0xc /Users/rhys/Library/Application Support/Pebble SDK/SDKs/current/sdk-core/pebble/aplite/lib/libpebble.a(tmp7jpKUopebble.o)
                0x0000000000000cdc                text_layer_set_background_color
 .text.text_layer_set_font
                0x0000000000000ce8        0xc /Users/rhys/Library/Application Support/Pebble SDK/SDKs/current/sdk-core/pebble/aplite/lib/libpebble.a(tmp7jpKUopebble.o)
                0x0000000000000ce8                text_layer_set_font
 .text.text_layer_set_text
                0x0000000000000cf4        0xc /Users/rhys/Library/Application Support/Pebble SDK/SDKs/current/sdk-core/pebble/aplite/lib/libpebble.a(tmp7jpKUopebble.o)
                0x0000000000000cf4                text_layer_set_text
 .text.text_layer_set_text_alignment
                0x0000000000000d00        0xc /Users/rhys/Library/Application Support/Pebble SDK/SDKs/current/sdk-core/pebble/aplite/lib/libpebble.a(tmp7jpKUopebble.o)
                0x0000000000000d00                text_layer_set_text_alignment
 .text.text_layer_set_text_color
                0x0000000000000d0c        0xc /Users/rhys/Library/Application Support/Pebble SDK/SDKs/current/sdk-core/pebble/aplite/lib/libpebble.a(tmp7jpKUopebble.o)
                0x0000000000000d0c                text_layer_set_text_color
 *(.rodata)
 .rodata        0x0000000000000d18       0x30 src/c/geocaching.c.25.o
 *(.rodata*)
 .rodata.str1.1
                0x0000000000000d48       0x9f src/c/geocaching.c.25.o
                                         0xa3 (size before relaxing)

.glue_7         0x0000000000000de8        0x0
 .glue_7        0x0000000000000000        0x0 linker stubs

.glue_7t        0x0000000000000de8        0x0
 .glue_7t       0x0000000000000000        0x0 linker stubs

.vfp11_veneer   0x0000000000000de8        0x0
 .vfp11_veneer  0x0000000000000000        0x0 linker stubs

.v4_bx          0x0000000000000de8        0x0
 .v4_bx         0x0000000000000000        0x0 linker stubs

.iplt           0x0000000000000de8        0x0
 .iplt          0x0000000000000000        0x0 /Users/rhys/pebble-dev/pebble-sdk-4.5-mac/arm-cs-tools/bin/../lib/gcc/arm-none-eabi/4.7.2/thumb2/crtbegin.o

.rel.dyn        0x0000000000000de8        0x0
 .rel.iplt      0x0000000000000000        0x0 /Users/rhys/pebble-dev/pebble-sdk-4.5-mac/arm-cs-tools/bin/../lib/gcc/arm-none-eabi/4.7.2/thumb2/crtbegin.o
 .rel.got       0x0000000000000000        0x0 /Users/rhys/pebble-dev/pebble-sdk-4.5-mac/arm-cs-tools/bin/../lib/gcc/arm-none-eabi/4.7.2/thumb2/crtbegin.o

.data           0x0000000000000de8       0x6d
 *(.data)
 .data          0x0000000000000de8        0x0 /Users/rhys/pebble-dev/pebble-sdk-4.5-mac/arm-cs-tools/bin/../lib/gcc/arm-none-eabi/4.7.2/thumb2/crti.o
 .data          0x0000000000000de8        0x4 /Users/rhys/pebble-dev/pebble-sdk-4.5-mac/arm-cs-tools/bin/../lib/gcc/arm-none-eabi/4.7.2/thumb2/crtbegin.o
                0x0000000000000de8                __dso_handle
 .data          0x0000000000000dec        0x0 src/c/geocaching.c.25.o
 .data          0x0000000000000dec        0x0 aplite/appinfo.auto.c.25.o
 .data          0x0000000000000dec        0x0 aplite/src/resource_ids.auto.c.25.o
 .data          0x0000000000000dec        0x0 src/message_keys.auto.c.25.o
 .data          0x0000000000000dec        0x0 /Users/rhys/Library/Application Support/Pebble SDK/SDKs/current/sdk-core/pebble/aplite/lib/libpebble.a(tmp7jpKUopebble.o)
 .data          0x0000000000000dec        0x0 /Users/rhys/pebble-dev/pebble-sdk-4.5-mac/arm-cs-tools/bin/../lib/gcc/arm-none-eabi/4.7.2/thumb2/crtend.o
 .data          0x0000000000000dec        0x0 /Users/rhys/pebble-dev/pebble-sdk-4.5-mac/arm-cs-tools/bin/../lib/gcc/arm-none-eabi/4.7.2/thumb2/crtn.o
 *(.data.*)
 .data.unitMode
                0x0000000000000dec        0x4 src/c/geocaching.c.25.o
                0x0000000000000dec                unitMode
 .data.__compound_literal.0
                0x0000000000000df0       0x38 src/c/geocaching.c.25.o
 .data.__compound_literal.1
                0x0000000000000e28        0xc src/c/geocaching.c.25.o
 .data.rel.ro.local.ARROW_POINTS
                0x0000000000000e34        0x8 src/c/geocaching.c.25.o
 .data.rel.local.DELIMITER
                0x0000000000000e3c        0x4 src/c/geocaching.c.25.o
                0x0000000000000e3c                DELIMITER
 .data.rel.ro.local.NORTH_POINTS
                0x0000000000000e40        0x8 src/c/geocaching.c.25.o
 .data.time_text.7591
                0x0000000000000e48        0xd src/c/geocaching.c.25.o

.igot.plt       0x0000000000000e58        0x0
 .igot.plt      0x0000000000000000        0x0 /Users/rhys/pebble-dev/pebble-sdk-4.5-mac/arm-cs-tools/bin/../lib/gcc/arm-none-eabi/4.7.2/thumb2/crtbegin.o

.got            0x0000000000000e58       0x2c
 .got           0x0000000000000e58       0x2c /Users/rhys/pebble-dev/pebble-sdk-4.5-mac/arm-cs-tools/bin/../lib/gcc/arm-none-eabi/4.7.2/thumb2/crtbegin.o

.got.plt        0x0000000000000e84        0xc
 .got.plt       0x0000000000000e84        0xc /Users/rhys/pebble-dev/pebble-sdk-4.5-mac/arm-cs-tools/bin/../lib/gcc/arm-none-eabi/4.7.2/thumb2/crtbegin.o
                0x0000000000000e84                _GLOBAL_OFFSET_TABLE_

.bss            0x0000000000000e90      0x118
 *(.bss)
 *(.bss.*)
 .bss.bearing   0x0000000000000e90        0x2 src/c/geocaching.c.25.o
                0x0000000000000e90                bearing
 .bss.data_display
                0x0000000000000e92        0x1 src/c/geocaching.c.25.o
 .bss.gotdecl   0x0000000000000e93        0x1 src/c/geocaching.c.25.o
                0x0000000000000e93                gotdecl
 .bss.declination
                0x0000000000000e94        0x2 src/c/geocaching.c.25.o
                0x0000000000000e94                declination
 *fill*         0x0000000000000e96        0x2 
 .bss.last.7517
                0x0000000000000e98        0x4 src/c/geocaching.c.25.o
 .bss.north_heading
                0x0000000000000e9c        0x2 src/c/geocaching.c.25.o
                0x0000000000000e9c                north_heading
 *fill*         0x0000000000000e9e        0x2 
 .bss.sync      0x0000000000000ea0       0x20 src/c/geocaching.c.25.o
 .bss.rot_arrow
                0x0000000000000ec0        0x1 src/c/geocaching.c.25.o
                0x0000000000000ec0                rot_arrow
 *fill*         0x0000000000000ec1        0x1 
 .bss.compass_heading
                0x0000000000000ec2        0x2 src/c/geocaching.c.25.o
                0x0000000000000ec2                compass_heading
 .bss.sync_buffer
                0x0000000000000ec4       0x96 src/c/geocaching.c.25.o
 *fill*         0x0000000000000f5a        0x2 
 COMMON         0x0000000000000f5c       0x4c src/c/geocaching.c.25.o
                0x0000000000000f5c                text_distance_layer
                0x0000000000000f60                arrow_bounds
                0x0000000000000f68                arrow
                0x0000000000000f6c                disp_buf
                0x0000000000000f8c                arrow_layer
                0x0000000000000f90                north
                0x0000000000000f94                text_time_layer
                0x0000000000000f98                window
                0x0000000000000f9c                arrow_centre
                0x0000000000000fa0                status
                0x0000000000000fa4                line_layer

DISCARD
 libc.a(*)
 libm.a(*)
 libgcc.a(*)
 *(.eh_frame)
OUTPUT(/Users/rhys/Desktop/pebble-navigation/pebble/build/aplite/pebble-app.elf elf32-littlearm)

.ARM.attributes
                0x0000000000000000       0x27
 .ARM.attributes
                0x0000000000000000       0x19 /Users/rhys/pebble-dev/pebble-sdk-4.5-mac/arm-cs-tools/bin/../lib/gcc/arm-none-eabi/4.7.2/thumb2/crti.o
 .ARM.attributes
                0x0000000000000019       0x29 /Users/rhys/pebble-dev/pebble-sdk-4.5-mac/arm-cs-tools/bin/../lib/gcc/arm-none-eabi/4.7.2/thumb2/crtbegin.o
 .ARM.attributes
                0x0000000000000042       0x33 src/c/geocaching.c.25.o
 .ARM.attributes
                0x0000000000000075       0x33 aplite/appinfo.auto.c.25.o
 .ARM.attributes
                0x00000000000000a8       0x33 aplite/src/resource_ids.auto.c.25.o
 .ARM.attributes
                0x00000000000000db       0x33 src/message_keys.auto.c.25.o
 .ARM.attributes
                0x000000000000010e       0x21 /Users/rhys/Library/Application Support/Pebble SDK/SDKs/current/sdk-core/pebble/aplite/lib/libpebble.a(tmp7jpKUopebble.o)
 .ARM.attributes
                0x000000000000012f       0x29 /Users/rhys/pebble-dev/pebble-sdk-4.5-mac/arm-cs-tools/bin/../lib/gcc/arm-none-eabi/4.7.2/thumb2/crtend.o
 .ARM.attributes
                0x0000000000000158       0x19 /Users/rhys/pebble-dev/pebble-sdk-4.5-mac/arm-cs-tools/bin/../lib/gcc/arm-none-eabi/4.7.2/thumb2/crtn.o

.comment        0x0000000000000000       0x4e
 .comment       0x0000000000000000       0x4e /Users/rhys/pebble-dev/pebble-sdk-4.5-mac/arm-cs-tools/bin/../lib/gcc/arm-none-eabi/4.7.2/thumb2/crtbegin.o
                                         0x4f (size before relaxing)
 .comment       0x0000000000000000       0x4f src/c/geocaching.c.25.o
 .comment       0x0000000000000000       0x4f aplite/appinfo.auto.c.25.o
 .comment       0x0000000000000000       0x4f aplite/src/resource_ids.auto.c.25.o
 .comment       0x0000000000000000       0x4f src/message_keys.auto.c.25.o
 .comment       0x0000000000000000       0x4f /Users/rhys/pebble-dev/pebble-sdk-4.5-mac/arm-cs-tools/bin/../lib/gcc/arm-none-eabi/4.7.2/thumb2/crtend.o

.debug_info     0x0000000000000000     0x22d3
 .debug_info    0x0000000000000000     0x1e6f src/c/geocaching.c.25.o
 .debug_info    0x0000000000001e6f      0x31a aplite/appinfo.auto.c.25.o
 .debug_info    0x0000000000002189       0xc9 aplite/src/resource_ids.auto.c.25.o
 .debug_info    0x0000000000002252       0x81 src/message_keys.auto.c.25.o

.debug_abbrev   0x0000000000000000      0x54e
 .debug_abbrev  0x0000000000000000      0x428 src/c/geocaching.c.25.o
 .debug_abbrev  0x0000000000000428       0x9e aplite/appinfo.auto.c.25.o
 .debug_abbrev  0x00000000000004c6       0x44 aplite/src/resource_ids.auto.c.25.o
 .debug_abbrev  0x000000000000050a       0x44 src/message_keys.auto.c.25.o

.debug_loc      0x0000000000000000      0x8cd
 .debug_loc     0x0000000000000000      0x8cd src/c/geocaching.c.25.o

.debug_aranges  0x0000000000000000       0xd8
 .debug_aranges
                0x0000000000000000       0x90 src/c/geocaching.c.25.o
 .debug_aranges
                0x0000000000000090       0x18 aplite/appinfo.auto.c.25.o
 .debug_aranges
                0x00000000000000a8       0x18 aplite/src/resource_ids.auto.c.25.o
 .debug_aranges
                0x00000000000000c0       0x18 src/message_keys.auto.c.25.o

.debug_ranges   0x0000000000000000       0x98
 .debug_ranges  0x0000000000000000       0x98 src/c/geocaching.c.25.o

.debug_line     0x0000000000000000      0x71a
 .debug_line    0x0000000000000000      0x45d src/c/geocaching.c.25.o
 .debug_line    0x000000000000045d      0x136 aplite/appinfo.auto.c.25.o
 .debug_line    0x0000000000000593       0xc7 aplite/src/resource_ids.auto.c.25.o
 .debug_line    0x000000000000065a       0xc0 src/message_keys.auto.c.25.o

.debug_str      0x0000000000000000     0x12d2
 .debug_str     0x0000000000000000      0xfbb src/c/geocaching.c.25.o
                                       0x107c (size before relaxing)
 .debug_str     0x0000000000000fbb      0x22f aplite/appinfo.auto.c.25.o
                                        0x321 (size before relaxing)
 .debug_str     0x00000000000011ea       0xbe aplite/src/resource_ids.auto.c.25.o
                                        0x18a (size before relaxing)
 .debug_str     0x00000000000012a8       0x2a src/message_keys.auto.c.25.o
                                         0xf6 (size before relaxing)

.debug_frame    0x0000000000000000      0x1bc
 .debug_frame   0x0000000000000000      0x1bc src/c/geocaching.c.25.o
